[madebyfortune.com/revert/theme/index-slideshow.html]
[madebyfortune.com/revert/theme/img/favicon.ico]
[backblue.gif]
[fade.gif]
[index.html]
[madebyfortune.com/revert/theme/img/single-bg.jpg]
[madebyfortune.com/revert/theme/img/logo.png]
[madebyfortune.com/revert/theme/img/portfolio/1_full.jpg]
[madebyfortune.com/revert/theme/img/portfolio/1_thumb.jpg]
[madebyfortune.com/revert/theme/img/portfolio/2_full.jpg]
[madebyfortune.com/revert/theme/img/portfolio/2_thumb.jpg]
[madebyfortune.com/revert/theme/img/portfolio/3_full.jpg]
[madebyfortune.com/revert/theme/img/portfolio/3_thumb.jpg]
[madebyfortune.com/revert/theme/img/portfolio/4_thumb.jpg]
[madebyfortune.com/revert/theme/img/portfolio/5_thumb.jpg]
[madebyfortune.com/revert/theme/img/portfolio/6_full.jpg]
[madebyfortune.com/revert/theme/img/portfolio/6_thumb.jpg]
[madebyfortune.com/revert/theme/img/clients/1.png]
[madebyfortune.com/revert/theme/img/clients/2.png]
[madebyfortune.com/revert/theme/img/clients/3.png]
[madebyfortune.com/revert/theme/img/clients/4.png]
[madebyfortune.com/revert/theme/img/clients/5.png]
[madebyfortune.com/revert/theme/img/clients/6.png]
[madebyfortune.com/revert/theme/img/clients/7.png]
[madebyfortune.com/revert/theme/img/clients/8.png]
[madebyfortune.com/revert/theme/audio/audio.mp3]
[madebyfortune.com/revert/theme/js/vendor/jquery-1.11.3.min.js]
[madebyfortune.com/revert/theme/js/vendor/bootstrap.min.js]
[madebyfortune.com/revert/theme/js/vendor/plugins.js]
[madebyfortune.com/revert/theme/js/vendor/audio.js]
[madebyfortune.com/revert/theme/js/vendor/vegas.min.js]
[madebyfortune.com/revert/theme/js/vendor/slideshow.js]
[madebyfortune.com/revert/theme/js/main.js]
[madebyfortune.com/revert/theme/index-slideshow.html]
[madebyfortune.com/revert/theme/css/vendor/bootstrap.min.css]
[madebyfortune.com/revert/theme/css/vendor/magnific-popup.css]
[madebyfortune.com/revert/theme/css/vendor/jquery.mCustomScrollbar.min.css]
[madebyfortune.com/revert/theme/css/vendor/vegas.min.css]
[madebyfortune.com/revert/theme/fonts/pe-icon-7-comboca33.eot]
[madebyfortune.com/revert/theme/fonts/pe-icon-7-comboca33.ttf]
[madebyfortune.com/revert/theme/fonts/pe-icon-7-comboca33.woff]
[madebyfortune.com/revert/theme/css/main.css]
[madebyfortune.com/revert/theme/css/fonts/glyphicons-halflings-regular.html]
[madebyfortune.com/revert/theme/css/fonts/glyphicons-halflings-regulard41d.html]
[madebyfortune.com/revert/theme/css/fonts/glyphicons-halflings-regular-2.html]
[madebyfortune.com/revert/theme/css/fonts/glyphicons-halflings-regular-3.html]
[madebyfortune.com/revert/theme/css/fonts/glyphicons-halflings-regular-4.html]
[madebyfortune.com/revert/theme/css/fonts/glyphicons-halflings-regular-5.html]
[madebyfortune.com/revert/theme/css/vendor/mCSB_buttons.html]
[madebyfortune.com/revert/theme/css/vendor/overlays/02.html]
[madebyfortune.com/revert/theme/fonts/pe-icon-7-comboca33.svg]
